12:21:31 **** Incremental Build of configuration Debug for project bitBanding ****
make -j9 all 
arm-none-eabi-gcc "../Src/main.c" -mcpu=cortex-m4 -std=gnu11 -g3 -DDEBUG -DSTM32 -DSTM32F407G_DISC1 -DSTM32F4 -DSTM32F407VGTx -c -I../Inc -O0 -ffunction-sections -fdata-sections -Wall -fstack-usage -fcyclomatic-complexity -MMD -MP -MF"Src/main.d" -MT"Src/main.o" --specs=nano.specs -mfloat-abi=soft -mthumb -o "Src/main.o"
arm-none-eabi-gcc -o "bitBanding.elf" @"objects.list"   -mcpu=cortex-m4 -T"/Users/mariestahaab/Documents/GitHub/CortexMxProgramming/Workspace/Target/bitBanding/STM32F407VGTX_FLASH.ld" --specs=nosys.specs -Wl,-Map="bitBanding.map" -Wl,--gc-sections -static --specs=nano.specs -mfloat-abi=soft -mthumb -Wl,--start-group -lc -lm -Wl,--end-group
Finished building target: bitBanding.elf
 
arm-none-eabi-size   bitBanding.elf 
arm-none-eabi-objdump -h -S  bitBanding.elf  > "bitBanding.list"
   text	   data	    bss	    dec	    hex	filename
    724	      8	   1568	   2300	    8fc	bitBanding.elf
Finished building: default.size.stdout
 
Finished building: bitBanding.list
 

12:21:32 Build Finished. 0 errors, 0 warnings. (took 365ms)

