00:59:28 **** Clean-only build of configuration Debug for project taskScheduler ****
make -j9 clean 
rm -rf ./Startup/startup_stm32f407vgtx.d ./Startup/startup_stm32f407vgtx.o
rm -rf ./Src/FastBitEmbedded_Implementation.cyclo ./Src/FastBitEmbedded_Implementation.d ./Src/FastBitEmbedded_Implementation.o ./Src/FastBitEmbedded_Implementation.su ./Src/syscalls.cyclo ./Src/syscalls.d ./Src/syscalls.o ./Src/syscalls.su ./Src/sysmem.cyclo ./Src/sysmem.d ./Src/sysmem.o ./Src/sysmem.su
rm -rf ./Scheduler_RoundRobin/Src/Scheduler_SysTick.cyclo ./Scheduler_RoundRobin/Src/Scheduler_SysTick.d ./Scheduler_RoundRobin/Src/Scheduler_SysTick.o ./Scheduler_RoundRobin/Src/Scheduler_SysTick.su ./Scheduler_RoundRobin/Src/TaskHandlers.cyclo ./Scheduler_RoundRobin/Src/TaskHandlers.d ./Scheduler_RoundRobin/Src/TaskHandlers.o ./Scheduler_RoundRobin/Src/TaskHandlers.su ./Scheduler_RoundRobin/Src/TaskStackConfig.cyclo ./Scheduler_RoundRobin/Src/TaskStackConfig.d ./Scheduler_RoundRobin/Src/TaskStackConfig.o ./Scheduler_RoundRobin/Src/TaskStackConfig.su
rm -rf default.size.stdout taskScheduler.elf taskScheduler.list taskScheduler.map
 
01:03:45 **** Clean-only build of configuration Debug for project taskScheduler ****
make -j9 clean 
rm -rf ./Startup/startup_stm32f407vgtx.d ./Startup/startup_stm32f407vgtx.o
rm -rf ./Src/FastBitEmbedded_Implementation.cyclo ./Src/FastBitEmbedded_Implementation.d ./Src/FastBitEmbedded_Implementation.o ./Src/FastBitEmbedded_Implementation.su ./Src/syscalls.cyclo ./Src/syscalls.d ./Src/syscalls.o ./Src/syscalls.su ./Src/sysmem.cyclo ./Src/sysmem.d ./Src/sysmem.o ./Src/sysmem.su
rm -rf ./Scheduler_RoundRobin/Src/Scheduler_SysTick.cyclo ./Scheduler_RoundRobin/Src/Scheduler_SysTick.d ./Scheduler_RoundRobin/Src/Scheduler_SysTick.o ./Scheduler_RoundRobin/Src/Scheduler_SysTick.su ./Scheduler_RoundRobin/Src/TaskHandlers.cyclo ./Scheduler_RoundRobin/Src/TaskHandlers.d ./Scheduler_RoundRobin/Src/TaskHandlers.o ./Scheduler_RoundRobin/Src/TaskHandlers.su ./Scheduler_RoundRobin/Src/TaskStackConfig.cyclo ./Scheduler_RoundRobin/Src/TaskStackConfig.d ./Scheduler_RoundRobin/Src/TaskStackConfig.o ./Scheduler_RoundRobin/Src/TaskStackConfig.su
rm -rf default.size.stdout taskScheduler.elf taskScheduler.list taskScheduler.map
 
01:03:45 **** Build of configuration Debug for project taskScheduler ****
make -j9 all 
arm-none-eabi-gcc -mcpu=cortex-m4 -g3 -c -x assembler-with-cpp -MMD -MP -MF"Startup/startup_stm32f407vgtx.d" -MT"Startup/startup_stm32f407vgtx.o" --specs=nano.specs -mfloat-abi=soft -mthumb -o "Startup/startup_stm32f407vgtx.o" "../Startup/startup_stm32f407vgtx.s"
arm-none-eabi-gcc "../Src/FastBitEmbedded_Implementation.c" -mcpu=cortex-m4 -std=gnu11 -g3 -c -O0 -ffunction-sections -fdata-sections -Wall -fstack-usage -fcyclomatic-complexity -MMD -MP -MF"Src/FastBitEmbedded_Implementation.d" -MT"Src/FastBitEmbedded_Implementation.o" --specs=nano.specs -mfloat-abi=soft -mthumb -o "Src/FastBitEmbedded_Implementation.o"
arm-none-eabi-gcc "../Src/UniOfLeeds_Implementation.c" -mcpu=cortex-m4 -std=gnu11 -g3 -c -O0 -ffunction-sections -fdata-sections -Wall -fstack-usage -fcyclomatic-complexity -MMD -MP -MF"Src/UniOfLeeds_Implementation.d" -MT"Src/UniOfLeeds_Implementation.o" --specs=nano.specs -mfloat-abi=soft -mthumb -o "Src/UniOfLeeds_Implementation.o"
arm-none-eabi-gcc "../Src/syscalls.c" -mcpu=cortex-m4 -std=gnu11 -g3 -c -O0 -ffunction-sections -fdata-sections -Wall -fstack-usage -fcyclomatic-complexity -MMD -MP -MF"Src/syscalls.d" -MT"Src/syscalls.o" --specs=nano.specs -mfloat-abi=soft -mthumb -o "Src/syscalls.o"
arm-none-eabi-gcc "../Src/sysmem.c" -mcpu=cortex-m4 -std=gnu11 -g3 -c -O0 -ffunction-sections -fdata-sections -Wall -fstack-usage -fcyclomatic-complexity -MMD -MP -MF"Src/sysmem.d" -MT"Src/sysmem.o" --specs=nano.specs -mfloat-abi=soft -mthumb -o "Src/sysmem.o"
arm-none-eabi-gcc "../Scheduler_RoundRobin/Src/Scheduler_SysTick.c" -mcpu=cortex-m4 -std=gnu11 -g3 -c -O0 -ffunction-sections -fdata-sections -Wall -fstack-usage -fcyclomatic-complexity -MMD -MP -MF"Scheduler_RoundRobin/Src/Scheduler_SysTick.d" -MT"Scheduler_RoundRobin/Src/Scheduler_SysTick.o" --specs=nano.specs -mfloat-abi=soft -mthumb -o "Scheduler_RoundRobin/Src/Scheduler_SysTick.o"
arm-none-eabi-gcc "../Scheduler_RoundRobin/Src/TaskHandlers.c" -mcpu=cortex-m4 -std=gnu11 -g3 -c -O0 -ffunction-sections -fdata-sections -Wall -fstack-usage -fcyclomatic-complexity -MMD -MP -MF"Scheduler_RoundRobin/Src/TaskHandlers.d" -MT"Scheduler_RoundRobin/Src/TaskHandlers.o" --specs=nano.specs -mfloat-abi=soft -mthumb -o "Scheduler_RoundRobin/Src/TaskHandlers.o"
arm-none-eabi-gcc "../Scheduler_RoundRobin/Src/TaskStackConfig.c" -mcpu=cortex-m4 -std=gnu11 -g3 -c -O0 -ffunction-sections -fdata-sections -Wall -fstack-usage -fcyclomatic-complexity -MMD -MP -MF"Scheduler_RoundRobin/Src/TaskStackConfig.d" -MT"Scheduler_RoundRobin/Src/TaskStackConfig.o" --specs=nano.specs -mfloat-abi=soft -mthumb -o "Scheduler_RoundRobin/Src/TaskStackConfig.o"
arm-none-eabi-gcc -o "taskScheduler.elf" @"objects.list"   -mcpu=cortex-m4 -T"/Users/mariestahaab/Documents/GitHub/CortexMxProgramming/Workspace/Target/taskScheduler/STM32F407VGTX_FLASH.ld" --specs=nosys.specs -Wl,-Map="taskScheduler.map" -Wl,--gc-sections -static --specs=nano.specs -mfloat-abi=soft -mthumb -Wl,--start-group -lc -lm -Wl,--end-group
/Applications/STM32CubeIDE.app/Contents/Eclipse/plugins/com.st.stm32cube.ide.mcu.externaltools.gnu-tools-for-stm32.11.3.rel1.macos64_1.1.100.202310310803/tools/bin/../lib/gcc/arm-none-eabi/11.3.1/../../../../arm-none-eabi/bin/ld: ./Src/UniOfLeeds_Implementation.o: in function `main':
/Users/mariestahaab/Documents/GitHub/CortexMxProgramming/Workspace/Target/taskScheduler/Debug/../Src/UniOfLeeds_Implementation.c:10: multiple definition of `main'; ./Src/FastBitEmbedded_Implementation.o:/Users/mariestahaab/Documents/GitHub/CortexMxProgramming/Workspace/Target/taskScheduler/Debug/../Src/FastBitEmbedded_Implementation.c:11: first defined here
collect2: error: ld returned 1 exit status
make: *** [makefile:64: taskScheduler.elf] Error 1
"make -j9 all" terminated with exit code 2. Build might be incomplete.
01:04:05 **** Clean-only build of configuration Debug for project taskScheduler ****
make -j9 clean 
rm -rf ./Startup/startup_stm32f407vgtx.d ./Startup/startup_stm32f407vgtx.o
rm -rf ./Src/FastBitEmbedded_Implementation.cyclo ./Src/FastBitEmbedded_Implementation.d ./Src/FastBitEmbedded_Implementation.o ./Src/FastBitEmbedded_Implementation.su ./Src/UniOfLeeds_Implementation.cyclo ./Src/UniOfLeeds_Implementation.d ./Src/UniOfLeeds_Implementation.o ./Src/UniOfLeeds_Implementation.su ./Src/syscalls.cyclo ./Src/syscalls.d ./Src/syscalls.o ./Src/syscalls.su ./Src/sysmem.cyclo ./Src/sysmem.d ./Src/sysmem.o ./Src/sysmem.su
rm -rf ./Scheduler_RoundRobin/Src/Scheduler_SysTick.cyclo ./Scheduler_RoundRobin/Src/Scheduler_SysTick.d ./Scheduler_RoundRobin/Src/Scheduler_SysTick.o ./Scheduler_RoundRobin/Src/Scheduler_SysTick.su ./Scheduler_RoundRobin/Src/TaskHandlers.cyclo ./Scheduler_RoundRobin/Src/TaskHandlers.d ./Scheduler_RoundRobin/Src/TaskHandlers.o ./Scheduler_RoundRobin/Src/TaskHandlers.su ./Scheduler_RoundRobin/Src/TaskStackConfig.cyclo ./Scheduler_RoundRobin/Src/TaskStackConfig.d ./Scheduler_RoundRobin/Src/TaskStackConfig.o ./Scheduler_RoundRobin/Src/TaskStackConfig.su
rm -rf default.size.stdout taskScheduler.elf taskScheduler.list taskScheduler.map
 
01:04:05 **** Incremental Build of configuration Debug for project taskScheduler ****
make -j9 all 
arm-none-eabi-gcc -mcpu=cortex-m4 -g3 -c -x assembler-with-cpp -MMD -MP -MF"Startup/startup_stm32f407vgtx.d" -MT"Startup/startup_stm32f407vgtx.o" --specs=nano.specs -mfloat-abi=soft -mthumb -o "Startup/startup_stm32f407vgtx.o" "../Startup/startup_stm32f407vgtx.s"
arm-none-eabi-gcc "../Src/FastBitEmbedded_Implementation.c" -mcpu=cortex-m4 -std=gnu11 -g3 -c -O0 -ffunction-sections -fdata-sections -Wall -fstack-usage -fcyclomatic-complexity -MMD -MP -MF"Src/FastBitEmbedded_Implementation.d" -MT"Src/FastBitEmbedded_Implementation.o" --specs=nano.specs -mfloat-abi=soft -mthumb -o "Src/FastBitEmbedded_Implementation.o"
arm-none-eabi-gcc "../Src/syscalls.c" -mcpu=cortex-m4 -std=gnu11 -g3 -c -O0 -ffunction-sections -fdata-sections -Wall -fstack-usage -fcyclomatic-complexity -MMD -MP -MF"Src/syscalls.d" -MT"Src/syscalls.o" --specs=nano.specs -mfloat-abi=soft -mthumb -o "Src/syscalls.o"
arm-none-eabi-gcc "../Src/sysmem.c" -mcpu=cortex-m4 -std=gnu11 -g3 -c -O0 -ffunction-sections -fdata-sections -Wall -fstack-usage -fcyclomatic-complexity -MMD -MP -MF"Src/sysmem.d" -MT"Src/sysmem.o" --specs=nano.specs -mfloat-abi=soft -mthumb -o "Src/sysmem.o"
arm-none-eabi-gcc "../Scheduler_RoundRobin/Src/Scheduler_SysTick.c" -mcpu=cortex-m4 -std=gnu11 -g3 -c -O0 -ffunction-sections -fdata-sections -Wall -fstack-usage -fcyclomatic-complexity -MMD -MP -MF"Scheduler_RoundRobin/Src/Scheduler_SysTick.d" -MT"Scheduler_RoundRobin/Src/Scheduler_SysTick.o" --specs=nano.specs -mfloat-abi=soft -mthumb -o "Scheduler_RoundRobin/Src/Scheduler_SysTick.o"
arm-none-eabi-gcc "../Scheduler_RoundRobin/Src/TaskHandlers.c" -mcpu=cortex-m4 -std=gnu11 -g3 -c -O0 -ffunction-sections -fdata-sections -Wall -fstack-usage -fcyclomatic-complexity -MMD -MP -MF"Scheduler_RoundRobin/Src/TaskHandlers.d" -MT"Scheduler_RoundRobin/Src/TaskHandlers.o" --specs=nano.specs -mfloat-abi=soft -mthumb -o "Scheduler_RoundRobin/Src/TaskHandlers.o"
arm-none-eabi-gcc "../Scheduler_RoundRobin/Src/TaskStackConfig.c" -mcpu=cortex-m4 -std=gnu11 -g3 -c -O0 -ffunction-sections -fdata-sections -Wall -fstack-usage -fcyclomatic-complexity -MMD -MP -MF"Scheduler_RoundRobin/Src/TaskStackConfig.d" -MT"Scheduler_RoundRobin/Src/TaskStackConfig.o" --specs=nano.specs -mfloat-abi=soft -mthumb -o "Scheduler_RoundRobin/Src/TaskStackConfig.o"
arm-none-eabi-gcc -o "taskScheduler.elf" @"objects.list"   -mcpu=cortex-m4 -T"/Users/mariestahaab/Documents/GitHub/CortexMxProgramming/Workspace/Target/taskScheduler/STM32F407VGTX_FLASH.ld" --specs=nosys.specs -Wl,-Map="taskScheduler.map" -Wl,--gc-sections -static --specs=nano.specs -mfloat-abi=soft -mthumb -Wl,--start-group -lc -lm -Wl,--end-group
Finished building target: taskScheduler.elf
 
arm-none-eabi-size  taskScheduler.elf 
arm-none-eabi-objdump -h -S taskScheduler.elf  > "taskScheduler.list"
   text	   data	    bss	    dec	    hex	filename
    644	      8	   1568	   2220	    8ac	taskScheduler.elf
Finished building: default.size.stdout
 
Finished building: taskScheduler.list
 
01:07:12 **** Clean-only build of configuration Debug for project taskScheduler ****
make -j9 clean 
rm -rf ./Startup/startup_stm32f407vgtx.d ./Startup/startup_stm32f407vgtx.o
rm -rf ./Src/FastBitEmbedded_Implementation.cyclo ./Src/FastBitEmbedded_Implementation.d ./Src/FastBitEmbedded_Implementation.o ./Src/FastBitEmbedded_Implementation.su ./Src/syscalls.cyclo ./Src/syscalls.d ./Src/syscalls.o ./Src/syscalls.su ./Src/sysmem.cyclo ./Src/sysmem.d ./Src/sysmem.o ./Src/sysmem.su
rm -rf ./Scheduler_RoundRobin/Src/Scheduler_SysTick.cyclo ./Scheduler_RoundRobin/Src/Scheduler_SysTick.d ./Scheduler_RoundRobin/Src/Scheduler_SysTick.o ./Scheduler_RoundRobin/Src/Scheduler_SysTick.su ./Scheduler_RoundRobin/Src/TaskHandlers.cyclo ./Scheduler_RoundRobin/Src/TaskHandlers.d ./Scheduler_RoundRobin/Src/TaskHandlers.o ./Scheduler_RoundRobin/Src/TaskHandlers.su ./Scheduler_RoundRobin/Src/TaskStackConfig.cyclo ./Scheduler_RoundRobin/Src/TaskStackConfig.d ./Scheduler_RoundRobin/Src/TaskStackConfig.o ./Scheduler_RoundRobin/Src/TaskStackConfig.su
rm -rf default.size.stdout taskScheduler.elf taskScheduler.list taskScheduler.map
 
01:07:12 **** Incremental Build of configuration Debug for project taskScheduler ****
make -j9 all 
arm-none-eabi-gcc -mcpu=cortex-m4 -g3 -c -x assembler-with-cpp -MMD -MP -MF"Startup/startup_stm32f407vgtx.d" -MT"Startup/startup_stm32f407vgtx.o" --specs=nano.specs -mfloat-abi=soft -mthumb -o "Startup/startup_stm32f407vgtx.o" "../Startup/startup_stm32f407vgtx.s"
arm-none-eabi-gcc "../Src/FastBitEmbedded_Implementation.c" -mcpu=cortex-m4 -std=gnu11 -g3 -c -I"/Users/mariestahaab/Documents/GitHub/CortexMxProgramming/Workspace/Target/taskScheduler/Scheduler_RoundRobin/Inc" -O0 -ffunction-sections -fdata-sections -Wall -fstack-usage -fcyclomatic-complexity -MMD -MP -MF"Src/FastBitEmbedded_Implementation.d" -MT"Src/FastBitEmbedded_Implementation.o" --specs=nano.specs -mfloat-abi=soft -mthumb -o "Src/FastBitEmbedded_Implementation.o"
arm-none-eabi-gcc "../Src/syscalls.c" -mcpu=cortex-m4 -std=gnu11 -g3 -c -I"/Users/mariestahaab/Documents/GitHub/CortexMxProgramming/Workspace/Target/taskScheduler/Scheduler_RoundRobin/Inc" -O0 -ffunction-sections -fdata-sections -Wall -fstack-usage -fcyclomatic-complexity -MMD -MP -MF"Src/syscalls.d" -MT"Src/syscalls.o" --specs=nano.specs -mfloat-abi=soft -mthumb -o "Src/syscalls.o"
arm-none-eabi-gcc "../Src/sysmem.c" -mcpu=cortex-m4 -std=gnu11 -g3 -c -I"/Users/mariestahaab/Documents/GitHub/CortexMxProgramming/Workspace/Target/taskScheduler/Scheduler_RoundRobin/Inc" -O0 -ffunction-sections -fdata-sections -Wall -fstack-usage -fcyclomatic-complexity -MMD -MP -MF"Src/sysmem.d" -MT"Src/sysmem.o" --specs=nano.specs -mfloat-abi=soft -mthumb -o "Src/sysmem.o"
arm-none-eabi-gcc "../Scheduler_RoundRobin/Src/Scheduler_SysTick.c" -mcpu=cortex-m4 -std=gnu11 -g3 -c -I"/Users/mariestahaab/Documents/GitHub/CortexMxProgramming/Workspace/Target/taskScheduler/Scheduler_RoundRobin/Inc" -O0 -ffunction-sections -fdata-sections -Wall -fstack-usage -fcyclomatic-complexity -MMD -MP -MF"Scheduler_RoundRobin/Src/Scheduler_SysTick.d" -MT"Scheduler_RoundRobin/Src/Scheduler_SysTick.o" --specs=nano.specs -mfloat-abi=soft -mthumb -o "Scheduler_RoundRobin/Src/Scheduler_SysTick.o"
arm-none-eabi-gcc "../Scheduler_RoundRobin/Src/TaskHandlers.c" -mcpu=cortex-m4 -std=gnu11 -g3 -c -I"/Users/mariestahaab/Documents/GitHub/CortexMxProgramming/Workspace/Target/taskScheduler/Scheduler_RoundRobin/Inc" -O0 -ffunction-sections -fdata-sections -Wall -fstack-usage -fcyclomatic-complexity -MMD -MP -MF"Scheduler_RoundRobin/Src/TaskHandlers.d" -MT"Scheduler_RoundRobin/Src/TaskHandlers.o" --specs=nano.specs -mfloat-abi=soft -mthumb -o "Scheduler_RoundRobin/Src/TaskHandlers.o"
arm-none-eabi-gcc "../Scheduler_RoundRobin/Src/TaskStackConfig.c" -mcpu=cortex-m4 -std=gnu11 -g3 -c -I"/Users/mariestahaab/Documents/GitHub/CortexMxProgramming/Workspace/Target/taskScheduler/Scheduler_RoundRobin/Inc" -O0 -ffunction-sections -fdata-sections -Wall -fstack-usage -fcyclomatic-complexity -MMD -MP -MF"Scheduler_RoundRobin/Src/TaskStackConfig.d" -MT"Scheduler_RoundRobin/Src/TaskStackConfig.o" --specs=nano.specs -mfloat-abi=soft -mthumb -o "Scheduler_RoundRobin/Src/TaskStackConfig.o"
arm-none-eabi-gcc -o "taskScheduler.elf" @"objects.list"   -mcpu=cortex-m4 -T"/Users/mariestahaab/Documents/GitHub/CortexMxProgramming/Workspace/Target/taskScheduler/STM32F407VGTX_FLASH.ld" --specs=nosys.specs -Wl,-Map="taskScheduler.map" -Wl,--gc-sections -static --specs=nano.specs -mfloat-abi=soft -mthumb -Wl,--start-group -lc -lm -Wl,--end-group
Finished building target: taskScheduler.elf
 
arm-none-eabi-size  taskScheduler.elf 
arm-none-eabi-objdump -h -S taskScheduler.elf  > "taskScheduler.list"
   text	   data	    bss	    dec	    hex	filename
    644	      8	   1568	   2220	    8ac	taskScheduler.elf
Finished building: default.size.stdout
 
Finished building: taskScheduler.list
 
01:07:18 **** Incremental Build of configuration Debug for project taskScheduler ****
make -j9 all 
arm-none-eabi-gcc "../Src/FastBitEmbedded_Implementation.c" -mcpu=cortex-m4 -std=gnu11 -g3 -c -I"/Users/mariestahaab/Documents/GitHub/CortexMxProgramming/Workspace/Target/taskScheduler/Scheduler_RoundRobin/Inc" -O0 -ffunction-sections -fdata-sections -Wall -fstack-usage -fcyclomatic-complexity -MMD -MP -MF"Src/FastBitEmbedded_Implementation.d" -MT"Src/FastBitEmbedded_Implementation.o" --specs=nano.specs -mfloat-abi=soft -mthumb -o "Src/FastBitEmbedded_Implementation.o"
arm-none-eabi-gcc -o "taskScheduler.elf" @"objects.list"   -mcpu=cortex-m4 -T"/Users/mariestahaab/Documents/GitHub/CortexMxProgramming/Workspace/Target/taskScheduler/STM32F407VGTX_FLASH.ld" --specs=nosys.specs -Wl,-Map="taskScheduler.map" -Wl,--gc-sections -static --specs=nano.specs -mfloat-abi=soft -mthumb -Wl,--start-group -lc -lm -Wl,--end-group
Finished building target: taskScheduler.elf
 
arm-none-eabi-size  taskScheduler.elf 
arm-none-eabi-objdump -h -S taskScheduler.elf  > "taskScheduler.list"
   text	   data	    bss	    dec	    hex	filename
    644	      8	   1568	   2220	    8ac	taskScheduler.elf
Finished building: default.size.stdout
 
Finished building: taskScheduler.list
 
01:20:25 **** Build of configuration Default for project MEDSWEE-M-004_Code_v1.0 ****
make all 
make: *** No rule to make target `all'.  Stop.
"make all" terminated with exit code 2. Build might be incomplete.
11:58:28 **** Clean-only build of configuration Debug for project taskScheduler ****
make -j9 clean 
rm -rf ./Startup/startup_stm32f407vgtx.d ./Startup/startup_stm32f407vgtx.o
rm -rf ./Src/FastBitEmbedded_Implementation.cyclo ./Src/FastBitEmbedded_Implementation.d ./Src/FastBitEmbedded_Implementation.o ./Src/FastBitEmbedded_Implementation.su ./Src/syscalls.cyclo ./Src/syscalls.d ./Src/syscalls.o ./Src/syscalls.su ./Src/sysmem.cyclo ./Src/sysmem.d ./Src/sysmem.o ./Src/sysmem.su
rm -rf ./Scheduler_RoundRobin/Src/Scheduler_SysTick.cyclo ./Scheduler_RoundRobin/Src/Scheduler_SysTick.d ./Scheduler_RoundRobin/Src/Scheduler_SysTick.o ./Scheduler_RoundRobin/Src/Scheduler_SysTick.su ./Scheduler_RoundRobin/Src/TaskHandlers.cyclo ./Scheduler_RoundRobin/Src/TaskHandlers.d ./Scheduler_RoundRobin/Src/TaskHandlers.o ./Scheduler_RoundRobin/Src/TaskHandlers.su ./Scheduler_RoundRobin/Src/TaskStackConfig.cyclo ./Scheduler_RoundRobin/Src/TaskStackConfig.d ./Scheduler_RoundRobin/Src/TaskStackConfig.o ./Scheduler_RoundRobin/Src/TaskStackConfig.su
rm -rf default.size.stdout taskScheduler.elf taskScheduler.list taskScheduler.map
 
11:58:29 **** Incremental Build of configuration Debug for project taskScheduler ****
make -j9 all 
arm-none-eabi-gcc -mcpu=cortex-m4 -g3 -c -x assembler-with-cpp -MMD -MP -MF"Startup/startup_stm32f407vgtx.d" -MT"Startup/startup_stm32f407vgtx.o" --specs=nano.specs -mfloat-abi=soft -mthumb -o "Startup/startup_stm32f407vgtx.o" "../Startup/startup_stm32f407vgtx.s"
arm-none-eabi-gcc "../Src/UniOfLeeds_Implementation.c" -mcpu=cortex-m4 -std=gnu11 -g3 -c -I"/Users/mariestahaab/Documents/GitHub/CortexMxProgramming/Workspace/Target/taskScheduler/Scheduler_RoundRobin/Inc" -O0 -ffunction-sections -fdata-sections -Wall -fstack-usage -fcyclomatic-complexity -MMD -MP -MF"Src/UniOfLeeds_Implementation.d" -MT"Src/UniOfLeeds_Implementation.o" --specs=nano.specs -mfloat-abi=soft -mthumb -o "Src/UniOfLeeds_Implementation.o"
arm-none-eabi-gcc "../Src/syscalls.c" -mcpu=cortex-m4 -std=gnu11 -g3 -c -I"/Users/mariestahaab/Documents/GitHub/CortexMxProgramming/Workspace/Target/taskScheduler/Scheduler_RoundRobin/Inc" -O0 -ffunction-sections -fdata-sections -Wall -fstack-usage -fcyclomatic-complexity -MMD -MP -MF"Src/syscalls.d" -MT"Src/syscalls.o" --specs=nano.specs -mfloat-abi=soft -mthumb -o "Src/syscalls.o"
arm-none-eabi-gcc "../Src/sysmem.c" -mcpu=cortex-m4 -std=gnu11 -g3 -c -I"/Users/mariestahaab/Documents/GitHub/CortexMxProgramming/Workspace/Target/taskScheduler/Scheduler_RoundRobin/Inc" -O0 -ffunction-sections -fdata-sections -Wall -fstack-usage -fcyclomatic-complexity -MMD -MP -MF"Src/sysmem.d" -MT"Src/sysmem.o" --specs=nano.specs -mfloat-abi=soft -mthumb -o "Src/sysmem.o"
arm-none-eabi-gcc "../Scheduler_RoundRobin/Src/Scheduler_SysTick.c" -mcpu=cortex-m4 -std=gnu11 -g3 -c -I"/Users/mariestahaab/Documents/GitHub/CortexMxProgramming/Workspace/Target/taskScheduler/Scheduler_RoundRobin/Inc" -O0 -ffunction-sections -fdata-sections -Wall -fstack-usage -fcyclomatic-complexity -MMD -MP -MF"Scheduler_RoundRobin/Src/Scheduler_SysTick.d" -MT"Scheduler_RoundRobin/Src/Scheduler_SysTick.o" --specs=nano.specs -mfloat-abi=soft -mthumb -o "Scheduler_RoundRobin/Src/Scheduler_SysTick.o"
arm-none-eabi-gcc "../Scheduler_RoundRobin/Src/TaskHandlers.c" -mcpu=cortex-m4 -std=gnu11 -g3 -c -I"/Users/mariestahaab/Documents/GitHub/CortexMxProgramming/Workspace/Target/taskScheduler/Scheduler_RoundRobin/Inc" -O0 -ffunction-sections -fdata-sections -Wall -fstack-usage -fcyclomatic-complexity -MMD -MP -MF"Scheduler_RoundRobin/Src/TaskHandlers.d" -MT"Scheduler_RoundRobin/Src/TaskHandlers.o" --specs=nano.specs -mfloat-abi=soft -mthumb -o "Scheduler_RoundRobin/Src/TaskHandlers.o"
arm-none-eabi-gcc "../Scheduler_RoundRobin/Src/TaskStackConfig.c" -mcpu=cortex-m4 -std=gnu11 -g3 -c -I"/Users/mariestahaab/Documents/GitHub/CortexMxProgramming/Workspace/Target/taskScheduler/Scheduler_RoundRobin/Inc" -O0 -ffunction-sections -fdata-sections -Wall -fstack-usage -fcyclomatic-complexity -MMD -MP -MF"Scheduler_RoundRobin/Src/TaskStackConfig.d" -MT"Scheduler_RoundRobin/Src/TaskStackConfig.o" --specs=nano.specs -mfloat-abi=soft -mthumb -o "Scheduler_RoundRobin/Src/TaskStackConfig.o"
../Src/UniOfLeeds_Implementation.c: In function 'main':
../Src/UniOfLeeds_Implementation.c:36:24: warning: unused variable 'functionHolder' [-Wunused-variable]
   36 |         TaskFunction_t functionHolder[4] = {Task_1, Task_2, Task_3, Task_4};
      |                        ^~~~~~~~~~~~~~
arm-none-eabi-gcc -o "taskScheduler.elf" @"objects.list"   -mcpu=cortex-m4 -T"/Users/mariestahaab/Documents/GitHub/CortexMxProgramming/Workspace/Target/taskScheduler/STM32F407VGTX_FLASH.ld" --specs=nosys.specs -Wl,-Map="taskScheduler.map" -Wl,--gc-sections -static --specs=nano.specs -mfloat-abi=soft -mthumb -Wl,--start-group -lc -lm -Wl,--end-group
Finished building target: taskScheduler.elf
 
arm-none-eabi-size  taskScheduler.elf 
arm-none-eabi-objdump -h -S taskScheduler.elf  > "taskScheduler.list"
Finished building: taskScheduler.list
 
   text	   data	    bss	    dec	    hex	filename
    732	     24	   1568	   2324	    914	taskScheduler.elf
Finished building: default.size.stdout
 
12:01:18 **** Clean-only build of configuration Debug for project taskScheduler ****
make -j9 clean 
rm -rf ./Startup/startup_stm32f407vgtx.d ./Startup/startup_stm32f407vgtx.o
rm -rf ./Src/UniOfLeeds_Implementation.cyclo ./Src/UniOfLeeds_Implementation.d ./Src/UniOfLeeds_Implementation.o ./Src/UniOfLeeds_Implementation.su ./Src/syscalls.cyclo ./Src/syscalls.d ./Src/syscalls.o ./Src/syscalls.su ./Src/sysmem.cyclo ./Src/sysmem.d ./Src/sysmem.o ./Src/sysmem.su
rm -rf ./Scheduler_RoundRobin/Src/Scheduler_SysTick.cyclo ./Scheduler_RoundRobin/Src/Scheduler_SysTick.d ./Scheduler_RoundRobin/Src/Scheduler_SysTick.o ./Scheduler_RoundRobin/Src/Scheduler_SysTick.su ./Scheduler_RoundRobin/Src/TaskHandlers.cyclo ./Scheduler_RoundRobin/Src/TaskHandlers.d ./Scheduler_RoundRobin/Src/TaskHandlers.o ./Scheduler_RoundRobin/Src/TaskHandlers.su ./Scheduler_RoundRobin/Src/TaskStackConfig.cyclo ./Scheduler_RoundRobin/Src/TaskStackConfig.d ./Scheduler_RoundRobin/Src/TaskStackConfig.o ./Scheduler_RoundRobin/Src/TaskStackConfig.su
rm -rf default.size.stdout taskScheduler.elf taskScheduler.list taskScheduler.map
 
12:01:18 **** Incremental Build of configuration Debug for project taskScheduler ****
make -j9 all 
arm-none-eabi-gcc -mcpu=cortex-m4 -g3 -c -x assembler-with-cpp -MMD -MP -MF"Startup/startup_stm32f407vgtx.d" -MT"Startup/startup_stm32f407vgtx.o" --specs=nano.specs -mfloat-abi=soft -mthumb -o "Startup/startup_stm32f407vgtx.o" "../Startup/startup_stm32f407vgtx.s"
arm-none-eabi-gcc "../Src/FastBitEmbedded_Implementation.c" -mcpu=cortex-m4 -std=gnu11 -g3 -c -I"/Users/mariestahaab/Documents/GitHub/CortexMxProgramming/Workspace/Target/taskScheduler/Scheduler_RoundRobin/Inc" -O0 -ffunction-sections -fdata-sections -Wall -fstack-usage -fcyclomatic-complexity -MMD -MP -MF"Src/FastBitEmbedded_Implementation.d" -MT"Src/FastBitEmbedded_Implementation.o" --specs=nano.specs -mfloat-abi=soft -mthumb -o "Src/FastBitEmbedded_Implementation.o"
arm-none-eabi-gcc "../Src/syscalls.c" -mcpu=cortex-m4 -std=gnu11 -g3 -c -I"/Users/mariestahaab/Documents/GitHub/CortexMxProgramming/Workspace/Target/taskScheduler/Scheduler_RoundRobin/Inc" -O0 -ffunction-sections -fdata-sections -Wall -fstack-usage -fcyclomatic-complexity -MMD -MP -MF"Src/syscalls.d" -MT"Src/syscalls.o" --specs=nano.specs -mfloat-abi=soft -mthumb -o "Src/syscalls.o"
arm-none-eabi-gcc "../Src/sysmem.c" -mcpu=cortex-m4 -std=gnu11 -g3 -c -I"/Users/mariestahaab/Documents/GitHub/CortexMxProgramming/Workspace/Target/taskScheduler/Scheduler_RoundRobin/Inc" -O0 -ffunction-sections -fdata-sections -Wall -fstack-usage -fcyclomatic-complexity -MMD -MP -MF"Src/sysmem.d" -MT"Src/sysmem.o" --specs=nano.specs -mfloat-abi=soft -mthumb -o "Src/sysmem.o"
arm-none-eabi-gcc "../Scheduler_RoundRobin/Src/Scheduler_SysTick.c" -mcpu=cortex-m4 -std=gnu11 -g3 -c -I"/Users/mariestahaab/Documents/GitHub/CortexMxProgramming/Workspace/Target/taskScheduler/Scheduler_RoundRobin/Inc" -O0 -ffunction-sections -fdata-sections -Wall -fstack-usage -fcyclomatic-complexity -MMD -MP -MF"Scheduler_RoundRobin/Src/Scheduler_SysTick.d" -MT"Scheduler_RoundRobin/Src/Scheduler_SysTick.o" --specs=nano.specs -mfloat-abi=soft -mthumb -o "Scheduler_RoundRobin/Src/Scheduler_SysTick.o"
arm-none-eabi-gcc "../Scheduler_RoundRobin/Src/TaskHandlers.c" -mcpu=cortex-m4 -std=gnu11 -g3 -c -I"/Users/mariestahaab/Documents/GitHub/CortexMxProgramming/Workspace/Target/taskScheduler/Scheduler_RoundRobin/Inc" -O0 -ffunction-sections -fdata-sections -Wall -fstack-usage -fcyclomatic-complexity -MMD -MP -MF"Scheduler_RoundRobin/Src/TaskHandlers.d" -MT"Scheduler_RoundRobin/Src/TaskHandlers.o" --specs=nano.specs -mfloat-abi=soft -mthumb -o "Scheduler_RoundRobin/Src/TaskHandlers.o"
arm-none-eabi-gcc "../Scheduler_RoundRobin/Src/TaskStackConfig.c" -mcpu=cortex-m4 -std=gnu11 -g3 -c -I"/Users/mariestahaab/Documents/GitHub/CortexMxProgramming/Workspace/Target/taskScheduler/Scheduler_RoundRobin/Inc" -O0 -ffunction-sections -fdata-sections -Wall -fstack-usage -fcyclomatic-complexity -MMD -MP -MF"Scheduler_RoundRobin/Src/TaskStackConfig.d" -MT"Scheduler_RoundRobin/Src/TaskStackConfig.o" --specs=nano.specs -mfloat-abi=soft -mthumb -o "Scheduler_RoundRobin/Src/TaskStackConfig.o"
../Src/FastBitEmbedded_Implementation.c:49:5: error: redefinition of 'main'
   49 | int main(void)
      |     ^~~~
../Src/FastBitEmbedded_Implementation.c:12:5: note: previous definition of 'main' with type 'int(void)'
   12 | int main(void){
      |     ^~~~
make: *** [Src/subdir.mk:25: Src/FastBitEmbedded_Implementation.o] Error 1
make: *** Waiting for unfinished jobs....
"make -j9 all" terminated with exit code 2. Build might be incomplete.
12:01:34 **** Incremental Build of configuration Debug for project taskScheduler ****
make -j9 all 
arm-none-eabi-gcc "../Src/FastBitEmbedded_Implementation.c" -mcpu=cortex-m4 -std=gnu11 -g3 -c -I"/Users/mariestahaab/Documents/GitHub/CortexMxProgramming/Workspace/Target/taskScheduler/Scheduler_RoundRobin/Inc" -O0 -ffunction-sections -fdata-sections -Wall -fstack-usage -fcyclomatic-complexity -MMD -MP -MF"Src/FastBitEmbedded_Implementation.d" -MT"Src/FastBitEmbedded_Implementation.o" --specs=nano.specs -mfloat-abi=soft -mthumb -o "Src/FastBitEmbedded_Implementation.o"
arm-none-eabi-gcc -o "taskScheduler.elf" @"objects.list"   -mcpu=cortex-m4 -T"/Users/mariestahaab/Documents/GitHub/CortexMxProgramming/Workspace/Target/taskScheduler/STM32F407VGTX_FLASH.ld" --specs=nosys.specs -Wl,-Map="taskScheduler.map" -Wl,--gc-sections -static --specs=nano.specs -mfloat-abi=soft -mthumb -Wl,--start-group -lc -lm -Wl,--end-group
Finished building target: taskScheduler.elf
 
arm-none-eabi-size  taskScheduler.elf 
arm-none-eabi-objdump -h -S taskScheduler.elf  > "taskScheduler.list"
   text	   data	    bss	    dec	    hex	filename
   3528	    100	   1900	   5528	   1598	taskScheduler.elf
Finished building: default.size.stdout
 
Finished building: taskScheduler.list
 
12:02:32 **** Incremental Build of configuration Debug for project taskScheduler ****
make -j9 all 
arm-none-eabi-gcc "../Src/FastBitEmbedded_Implementation.c" -mcpu=cortex-m4 -std=gnu11 -g3 -c -I"/Users/mariestahaab/Documents/GitHub/CortexMxProgramming/Workspace/Target/taskScheduler/Scheduler_RoundRobin/Inc" -O0 -ffunction-sections -fdata-sections -Wall -fstack-usage -fcyclomatic-complexity -MMD -MP -MF"Src/FastBitEmbedded_Implementation.d" -MT"Src/FastBitEmbedded_Implementation.o" --specs=nano.specs -mfloat-abi=soft -mthumb -o "Src/FastBitEmbedded_Implementation.o"
arm-none-eabi-gcc -o "taskScheduler.elf" @"objects.list"   -mcpu=cortex-m4 -T"/Users/mariestahaab/Documents/GitHub/CortexMxProgramming/Workspace/Target/taskScheduler/STM32F407VGTX_FLASH.ld" --specs=nosys.specs -Wl,-Map="taskScheduler.map" -Wl,--gc-sections -static --specs=nano.specs -mfloat-abi=soft -mthumb -Wl,--start-group -lc -lm -Wl,--end-group
Finished building target: taskScheduler.elf
 
arm-none-eabi-size  taskScheduler.elf 
arm-none-eabi-objdump -h -S taskScheduler.elf  > "taskScheduler.list"
   text	   data	    bss	    dec	    hex	filename
   3528	    100	   1900	   5528	   1598	taskScheduler.elf
Finished building: default.size.stdout
 
Finished building: taskScheduler.list
 
12:04:40 **** Incremental Build of configuration Debug for project taskScheduler ****
make -j9 all 
arm-none-eabi-gcc "../Src/FastBitEmbedded_Implementation.c" -mcpu=cortex-m4 -std=gnu11 -g3 -c -I"/Users/mariestahaab/Documents/GitHub/CortexMxProgramming/Workspace/Target/taskScheduler/Scheduler_RoundRobin/Inc" -O0 -ffunction-sections -fdata-sections -Wall -fstack-usage -fcyclomatic-complexity -MMD -MP -MF"Src/FastBitEmbedded_Implementation.d" -MT"Src/FastBitEmbedded_Implementation.o" --specs=nano.specs -mfloat-abi=soft -mthumb -o "Src/FastBitEmbedded_Implementation.o"
arm-none-eabi-gcc "../Scheduler_RoundRobin/Src/Scheduler_SysTick.c" -mcpu=cortex-m4 -std=gnu11 -g3 -c -I"/Users/mariestahaab/Documents/GitHub/CortexMxProgramming/Workspace/Target/taskScheduler/Scheduler_RoundRobin/Inc" -O0 -ffunction-sections -fdata-sections -Wall -fstack-usage -fcyclomatic-complexity -MMD -MP -MF"Scheduler_RoundRobin/Src/Scheduler_SysTick.d" -MT"Scheduler_RoundRobin/Src/Scheduler_SysTick.o" --specs=nano.specs -mfloat-abi=soft -mthumb -o "Scheduler_RoundRobin/Src/Scheduler_SysTick.o"
arm-none-eabi-gcc "../Scheduler_RoundRobin/Src/TaskHandlers.c" -mcpu=cortex-m4 -std=gnu11 -g3 -c -I"/Users/mariestahaab/Documents/GitHub/CortexMxProgramming/Workspace/Target/taskScheduler/Scheduler_RoundRobin/Inc" -O0 -ffunction-sections -fdata-sections -Wall -fstack-usage -fcyclomatic-complexity -MMD -MP -MF"Scheduler_RoundRobin/Src/TaskHandlers.d" -MT"Scheduler_RoundRobin/Src/TaskHandlers.o" --specs=nano.specs -mfloat-abi=soft -mthumb -o "Scheduler_RoundRobin/Src/TaskHandlers.o"
../Scheduler_RoundRobin/Src/Scheduler_SysTick.c: In function 'SysTick_Handler':
../Scheduler_RoundRobin/Src/Scheduler_SysTick.c:12:9: warning: implicit declaration of function 'printf' [-Wimplicit-function-declaration]
   12 |         printf("SysTick Handler \n");
      |         ^~~~~~
../Scheduler_RoundRobin/Src/Scheduler_SysTick.c:1:1: note: include '<stdio.h>' or provide a declaration of 'printf'
  +++ |+#include <stdio.h>
    1 | /*
../Scheduler_RoundRobin/Src/Scheduler_SysTick.c:12:9: warning: incompatible implicit declaration of built-in function 'printf' [-Wbuiltin-declaration-mismatch]
   12 |         printf("SysTick Handler \n");
      |         ^~~~~~
../Scheduler_RoundRobin/Src/Scheduler_SysTick.c:12:9: note: include '<stdio.h>' or provide a declaration of 'printf'
../Scheduler_RoundRobin/Src/TaskHandlers.c: In function 'Task1_Handler':
../Scheduler_RoundRobin/Src/TaskHandlers.c:13:17: warning: implicit declaration of function 'printf' [-Wimplicit-function-declaration]
   13 |                 printf("Task 1 \n");
      |                 ^~~~~~
../Scheduler_RoundRobin/Src/TaskHandlers.c:1:1: note: include '<stdio.h>' or provide a declaration of 'printf'
  +++ |+#include <stdio.h>
    1 | /*
../Scheduler_RoundRobin/Src/TaskHandlers.c:13:17: warning: incompatible implicit declaration of built-in function 'printf' [-Wbuiltin-declaration-mismatch]
   13 |                 printf("Task 1 \n");
      |                 ^~~~~~
../Scheduler_RoundRobin/Src/TaskHandlers.c:13:17: note: include '<stdio.h>' or provide a declaration of 'printf'
../Scheduler_RoundRobin/Src/Scheduler_SysTick.c: At top level:
../Scheduler_RoundRobin/Src/Scheduler_SysTick.c:17:19: error: unknown type name 'uint32_t'
   17 | void sysTick_init(uint32_t TickHz){
      |                   ^~~~~~~~
../Scheduler_RoundRobin/Src/Scheduler_SysTick.c:1:1: note: 'uint32_t' is defined in header '<stdint.h>'; did you forget to '#include <stdint.h>'?
  +++ |+#include <stdint.h>
    1 | /*
../Scheduler_RoundRobin/Src/TaskHandlers.c: In function 'Task2_Handler':
../Scheduler_RoundRobin/Src/TaskHandlers.c:19:17: warning: incompatible implicit declaration of built-in function 'printf' [-Wbuiltin-declaration-mismatch]
   19 |                 printf("Task 2 \n");
      |                 ^~~~~~
../Scheduler_RoundRobin/Src/TaskHandlers.c:19:17: note: include '<stdio.h>' or provide a declaration of 'printf'
../Scheduler_RoundRobin/Src/TaskHandlers.c: In function 'Task3_Handler':
../Scheduler_RoundRobin/Src/TaskHandlers.c:25:17: warning: incompatible implicit declaration of built-in function 'printf' [-Wbuiltin-declaration-mismatch]
   25 |                 printf("Task 3 \n");
      |                 ^~~~~~
../Scheduler_RoundRobin/Src/TaskHandlers.c:25:17: note: include '<stdio.h>' or provide a declaration of 'printf'
../Scheduler_RoundRobin/Src/TaskHandlers.c: In function 'Task4_Handler':
../Scheduler_RoundRobin/Src/TaskHandlers.c:31:17: warning: incompatible implicit declaration of built-in function 'printf' [-Wbuiltin-declaration-mismatch]
   31 |                 printf("Task 4 \n");
      |                 ^~~~~~
../Scheduler_RoundRobin/Src/TaskHandlers.c:31:17: note: include '<stdio.h>' or provide a declaration of 'printf'
make: *** [Scheduler_RoundRobin/Src/subdir.mk:25: Scheduler_RoundRobin/Src/Scheduler_SysTick.o] Error 1
make: *** Waiting for unfinished jobs....
"make -j9 all" terminated with exit code 2. Build might be incomplete.
12:05:08 **** Incremental Build of configuration Debug for project taskScheduler ****
make -j9 all 
arm-none-eabi-gcc "../Scheduler_RoundRobin/Src/Scheduler_SysTick.c" -mcpu=cortex-m4 -std=gnu11 -g3 -c -I"/Users/mariestahaab/Documents/GitHub/CortexMxProgramming/Workspace/Target/taskScheduler/Scheduler_RoundRobin/Inc" -O0 -ffunction-sections -fdata-sections -Wall -fstack-usage -fcyclomatic-complexity -MMD -MP -MF"Scheduler_RoundRobin/Src/Scheduler_SysTick.d" -MT"Scheduler_RoundRobin/Src/Scheduler_SysTick.o" --specs=nano.specs -mfloat-abi=soft -mthumb -o "Scheduler_RoundRobin/Src/Scheduler_SysTick.o"
arm-none-eabi-gcc "../Scheduler_RoundRobin/Src/TaskHandlers.c" -mcpu=cortex-m4 -std=gnu11 -g3 -c -I"/Users/mariestahaab/Documents/GitHub/CortexMxProgramming/Workspace/Target/taskScheduler/Scheduler_RoundRobin/Inc" -O0 -ffunction-sections -fdata-sections -Wall -fstack-usage -fcyclomatic-complexity -MMD -MP -MF"Scheduler_RoundRobin/Src/TaskHandlers.d" -MT"Scheduler_RoundRobin/Src/TaskHandlers.o" --specs=nano.specs -mfloat-abi=soft -mthumb -o "Scheduler_RoundRobin/Src/TaskHandlers.o"
../Scheduler_RoundRobin/Src/Scheduler_SysTick.c: In function 'SysTick_Handler':
../Scheduler_RoundRobin/Src/Scheduler_SysTick.c:12:9: warning: implicit declaration of function 'printf' [-Wimplicit-function-declaration]
   12 |         printf("SysTick Handler \n");
      |         ^~~~~~
../Scheduler_RoundRobin/Src/Scheduler_SysTick.c:1:1: note: include '<stdio.h>' or provide a declaration of 'printf'
  +++ |+#include <stdio.h>
    1 | /*
../Scheduler_RoundRobin/Src/Scheduler_SysTick.c:12:9: warning: incompatible implicit declaration of built-in function 'printf' [-Wbuiltin-declaration-mismatch]
   12 |         printf("SysTick Handler \n");
      |         ^~~~~~
../Scheduler_RoundRobin/Src/Scheduler_SysTick.c:12:9: note: include '<stdio.h>' or provide a declaration of 'printf'
../Scheduler_RoundRobin/Src/Scheduler_SysTick.c: At top level:
../Scheduler_RoundRobin/Src/Scheduler_SysTick.c:17:19: error: unknown type name 'uint32_t'
   17 | void sysTick_init(uint32_t TickHz){
      |                   ^~~~~~~~
../Scheduler_RoundRobin/Src/Scheduler_SysTick.c:1:1: note: 'uint32_t' is defined in header '<stdint.h>'; did you forget to '#include <stdint.h>'?
  +++ |+#include <stdint.h>
    1 | /*
make: *** [Scheduler_RoundRobin/Src/subdir.mk:25: Scheduler_RoundRobin/Src/Scheduler_SysTick.o] Error 1
make: *** Waiting for unfinished jobs....
"make -j9 all" terminated with exit code 2. Build might be incomplete.
12:05:32 **** Incremental Build of configuration Debug for project taskScheduler ****
make -j9 all 
arm-none-eabi-gcc "../Scheduler_RoundRobin/Src/Scheduler_SysTick.c" -mcpu=cortex-m4 -std=gnu11 -g3 -c -I"/Users/mariestahaab/Documents/GitHub/CortexMxProgramming/Workspace/Target/taskScheduler/Scheduler_RoundRobin/Inc" -O0 -ffunction-sections -fdata-sections -Wall -fstack-usage -fcyclomatic-complexity -MMD -MP -MF"Scheduler_RoundRobin/Src/Scheduler_SysTick.d" -MT"Scheduler_RoundRobin/Src/Scheduler_SysTick.o" --specs=nano.specs -mfloat-abi=soft -mthumb -o "Scheduler_RoundRobin/Src/Scheduler_SysTick.o"
arm-none-eabi-gcc -o "taskScheduler.elf" @"objects.list"   -mcpu=cortex-m4 -T"/Users/mariestahaab/Documents/GitHub/CortexMxProgramming/Workspace/Target/taskScheduler/STM32F407VGTX_FLASH.ld" --specs=nosys.specs -Wl,-Map="taskScheduler.map" -Wl,--gc-sections -static --specs=nano.specs -mfloat-abi=soft -mthumb -Wl,--start-group -lc -lm -Wl,--end-group
Finished building target: taskScheduler.elf
 
arm-none-eabi-size  taskScheduler.elf 
arm-none-eabi-objdump -h -S taskScheduler.elf  > "taskScheduler.list"
   text	   data	    bss	    dec	    hex	filename
   3496	    100	   1900	   5496	   1578	taskScheduler.elf
Finished building: default.size.stdout
 
Finished building: taskScheduler.list
 
