12:05:32 **** Incremental Build of configuration Debug for project taskScheduler ****
make -j9 all 
arm-none-eabi-gcc "../Scheduler_RoundRobin/Src/Scheduler_SysTick.c" -mcpu=cortex-m4 -std=gnu11 -g3 -c -I"/Users/mariestahaab/Documents/GitHub/CortexMxProgramming/Workspace/Target/taskScheduler/Scheduler_RoundRobin/Inc" -O0 -ffunction-sections -fdata-sections -Wall -fstack-usage -fcyclomatic-complexity -MMD -MP -MF"Scheduler_RoundRobin/Src/Scheduler_SysTick.d" -MT"Scheduler_RoundRobin/Src/Scheduler_SysTick.o" --specs=nano.specs -mfloat-abi=soft -mthumb -o "Scheduler_RoundRobin/Src/Scheduler_SysTick.o"
arm-none-eabi-gcc -o "taskScheduler.elf" @"objects.list"   -mcpu=cortex-m4 -T"/Users/mariestahaab/Documents/GitHub/CortexMxProgramming/Workspace/Target/taskScheduler/STM32F407VGTX_FLASH.ld" --specs=nosys.specs -Wl,-Map="taskScheduler.map" -Wl,--gc-sections -static --specs=nano.specs -mfloat-abi=soft -mthumb -Wl,--start-group -lc -lm -Wl,--end-group
Finished building target: taskScheduler.elf
 
arm-none-eabi-size  taskScheduler.elf 
arm-none-eabi-objdump -h -S taskScheduler.elf  > "taskScheduler.list"
   text	   data	    bss	    dec	    hex	filename
   3496	    100	   1900	   5496	   1578	taskScheduler.elf
Finished building: default.size.stdout
 
Finished building: taskScheduler.list
 

12:05:32 Build Finished. 0 errors, 0 warnings. (took 434ms)

